     1                                  bits 32
     2                                  global start
     3                                  
     4                                  extern exit, scanf, printf
     5                                  import exit msvcrt.dll
     6                                  import scanf msvcrt.dll
     7                                  import printf msvcrt.dll
     8                                  
     9                                  ; Sa se citeasca de la tastatura doua numere a si b (in baza 10).
    10                                  ; Sa se calculeze si sa se afiseze media lor aritmetica in baza 16.
    11                                  
    12                                  segment data use32 class=data
    13 00000000 00000000                    a dd 0
    14 00000004 00000000                    b dd 0
    15 00000008 02000000                    impartit dd 2
    16                                  
    17 0000000C 256400                      format_citire db "%d", 0
    18 0000000F 257800                      format_afisare db "%x", 0
    19                                  
    20                                  segment code use32 class=code
    21                                      start:
    22                                          ; citim de la tastatura numarul a
    23 00000000 68[00000000]                    push dword a
    24 00000005 68[0C000000]                    push dword format_citire
    25 0000000A FF15[00000000]                  call [scanf]
    26 00000010 83C408                          add esp, 2*4
    27                                  
    28                                          ; citim de la tastatura numarul numarul b
    29 00000013 68[04000000]                    push dword b
    30 00000018 68[0C000000]                    push dword format_citire
    31 0000001D FF15[00000000]                  call [scanf]
    32 00000023 83C408                          add esp, 2*4
    33                                  
    34                                          ; punem in eax suma celor 2 numere: EAX <- a + b
    35 00000026 A1[00000000]                    mov eax, dword [a]
    36 0000002B 0305[04000000]                  add eax, dword [b]
    37 00000031 D1E8                            shr eax, 1 ; mutam bitii cu o pozitie spre dreapta (adica impartim suma la 2)
    38                                  
    39                                          ; afisam media aritmetica a celor 2 numere
    40 00000033 50                              push eax
    41 00000034 68[0F000000]                    push dword format_afisare
    42 00000039 FF15[00000000]                  call [printf]
    43 0000003F 83C408                          add esp, 2*4
    44                                  
    45 00000042 6A00                    	    push dword 0 
    46 00000044 FF15[00000000]          	    call [exit] 
